Archive member included because of file (symbol)

c:/imt/avr/imt_sdk_win_64/imt_sdk_win_64/winavr/bin/../lib/gcc/avr/4.3.3/avr5\libgcc.a(_mulsi3.o)
                              ./Timer_driver/Timer_prog.o (__mulsi3)
c:/imt/avr/imt_sdk_win_64/imt_sdk_win_64/winavr/bin/../lib/gcc/avr/4.3.3/avr5\libgcc.a(_udivmodhi4.o)
                              ./Mobile_control.o (__udivmodhi4)
c:/imt/avr/imt_sdk_win_64/imt_sdk_win_64/winavr/bin/../lib/gcc/avr/4.3.3/avr5\libgcc.a(_divmodsi4.o)
                              ./Timer_driver/Timer_prog.o (__divmodsi4)
c:/imt/avr/imt_sdk_win_64/imt_sdk_win_64/winavr/bin/../lib/gcc/avr/4.3.3/avr5\libgcc.a(_exit.o)
                              c:/imt/avr/imt_sdk_win_64/imt_sdk_win_64/winavr/bin/../lib/gcc/avr/4.3.3/../../../../avr/lib/avr5/crtm32.o (exit)
c:/imt/avr/imt_sdk_win_64/imt_sdk_win_64/winavr/bin/../lib/gcc/avr/4.3.3/avr5\libgcc.a(_copy_data.o)
                              ./LCD_driver/LCD_prog.o (__do_copy_data)
c:/imt/avr/imt_sdk_win_64/imt_sdk_win_64/winavr/bin/../lib/gcc/avr/4.3.3/avr5\libgcc.a(_clear_bss.o)
                              ./UART_driver/UART_prog.o (__do_clear_bss)
c:/imt/avr/imt_sdk_win_64/imt_sdk_win_64/winavr/bin/../lib/gcc/avr/4.3.3/avr5\libgcc.a(_udivmodsi4.o)
                              c:/imt/avr/imt_sdk_win_64/imt_sdk_win_64/winavr/bin/../lib/gcc/avr/4.3.3/avr5\libgcc.a(_divmodsi4.o) (__udivmodsi4)
c:/imt/avr/imt_sdk_win_64/imt_sdk_win_64/winavr/bin/../lib/gcc/avr/4.3.3/../../../../avr/lib/avr5\libc.a(strcmp.o)
                              ./Mobile_control.o (strcmp)

Allocating common symbols
Common symbol       size              file

callback_OCR        0x2               ./Timer_driver/Timer_prog.o
UART_DataPtr        0x2               ./UART_driver/UART_prog.o
choose              0x1               ./Mobile_control.o
adcvalue            0x2               ./ADC_driver/Adc_Prog.o
key                 0x1               ./Mobile_control.o
callback_ICU        0x2               ./Timer_driver/Timer_prog.o
callback            0x2               ./ADC_driver/Adc_Prog.o

Memory Configuration

Name             Origin             Length             Attributes
text             0x00000000         0x00020000         xr
data             0x00800060         0x0000ffa0         rw !x
eeprom           0x00810000         0x00010000         rw !x
fuse             0x00820000         0x00000400         rw !x
lock             0x00830000         0x00000400         rw !x
signature        0x00840000         0x00000400         rw !x
*default*        0x00000000         0xffffffff

Linker script and memory map

LOAD c:/imt/avr/imt_sdk_win_64/imt_sdk_win_64/winavr/bin/../lib/gcc/avr/4.3.3/../../../../avr/lib/avr5/crtm32.o
LOAD ./UART_driver/UART_prog.o
LOAD ./Timer_driver/Timer_prog.o
LOAD ./LCD_driver/LCD_prog.o
LOAD ./GIE_driver/Gie_Prog.o
LOAD ./DIO_driver/Dio_Prog.o
LOAD ./ADC_driver/Adc_Prog.o
LOAD ./Mobile_control.o
LOAD ./main.o
LOAD c:/imt/avr/imt_sdk_win_64/imt_sdk_win_64/winavr/bin/../lib/gcc/avr/4.3.3/avr5\libgcc.a
LOAD c:/imt/avr/imt_sdk_win_64/imt_sdk_win_64/winavr/bin/../lib/gcc/avr/4.3.3/../../../../avr/lib/avr5\libc.a
LOAD c:/imt/avr/imt_sdk_win_64/imt_sdk_win_64/winavr/bin/../lib/gcc/avr/4.3.3/avr5\libgcc.a

.hash
 *(.hash)

.dynsym
 *(.dynsym)

.dynstr
 *(.dynstr)

.gnu.version
 *(.gnu.version)

.gnu.version_d
 *(.gnu.version_d)

.gnu.version_r
 *(.gnu.version_r)

.rel.init
 *(.rel.init)

.rela.init
 *(.rela.init)

.rel.text
 *(.rel.text)
 *(.rel.text.*)
 *(.rel.gnu.linkonce.t*)

.rela.text
 *(.rela.text)
 *(.rela.text.*)
 *(.rela.gnu.linkonce.t*)

.rel.fini
 *(.rel.fini)

.rela.fini
 *(.rela.fini)

.rel.rodata
 *(.rel.rodata)
 *(.rel.rodata.*)
 *(.rel.gnu.linkonce.r*)

.rela.rodata
 *(.rela.rodata)
 *(.rela.rodata.*)
 *(.rela.gnu.linkonce.r*)

.rel.data
 *(.rel.data)
 *(.rel.data.*)
 *(.rel.gnu.linkonce.d*)

.rela.data
 *(.rela.data)
 *(.rela.data.*)
 *(.rela.gnu.linkonce.d*)

.rel.ctors
 *(.rel.ctors)

.rela.ctors
 *(.rela.ctors)

.rel.dtors
 *(.rel.dtors)

.rela.dtors
 *(.rela.dtors)

.rel.got
 *(.rel.got)

.rela.got
 *(.rela.got)

.rel.bss
 *(.rel.bss)

.rela.bss
 *(.rela.bss)

.rel.plt
 *(.rel.plt)

.rela.plt
 *(.rela.plt)

.text           0x00000000     0x11b6
 *(.vectors)
 .vectors       0x00000000       0x54 c:/imt/avr/imt_sdk_win_64/imt_sdk_win_64/winavr/bin/../lib/gcc/avr/4.3.3/../../../../avr/lib/avr5/crtm32.o
                0x00000000                __vectors
                0x00000000                __vector_default
 *(.vectors)
 *(.progmem.gcc*)
 *(.progmem*)
                0x00000054                . = ALIGN (0x2)
                0x00000054                __trampolines_start = .
 *(.trampolines)
 .trampolines   0x00000054        0x0 linker stubs
 *(.trampolines*)
                0x00000054                __trampolines_end = .
 *(.jumptables)
 *(.jumptables*)
 *(.lowtext)
 *(.lowtext*)
                0x00000054                __ctors_start = .
 *(.ctors)
                0x00000054                __ctors_end = .
                0x00000054                __dtors_start = .
 *(.dtors)
                0x00000054                __dtors_end = .
 SORT(*)(.ctors)
 SORT(*)(.dtors)
 *(.init0)
 .init0         0x00000054        0x0 c:/imt/avr/imt_sdk_win_64/imt_sdk_win_64/winavr/bin/../lib/gcc/avr/4.3.3/../../../../avr/lib/avr5/crtm32.o
                0x00000054                __init
 *(.init0)
 *(.init1)
 *(.init1)
 *(.init2)
 .init2         0x00000054        0xc c:/imt/avr/imt_sdk_win_64/imt_sdk_win_64/winavr/bin/../lib/gcc/avr/4.3.3/../../../../avr/lib/avr5/crtm32.o
 *(.init2)
 *(.init3)
 *(.init3)
 *(.init4)
 .init4         0x00000060       0x16 c:/imt/avr/imt_sdk_win_64/imt_sdk_win_64/winavr/bin/../lib/gcc/avr/4.3.3/avr5\libgcc.a(_copy_data.o)
                0x00000060                __do_copy_data
 .init4         0x00000076       0x10 c:/imt/avr/imt_sdk_win_64/imt_sdk_win_64/winavr/bin/../lib/gcc/avr/4.3.3/avr5\libgcc.a(_clear_bss.o)
                0x00000076                __do_clear_bss
 *(.init4)
 *(.init5)
 *(.init5)
 *(.init6)
 *(.init6)
 *(.init7)
 *(.init7)
 *(.init8)
 *(.init8)
 *(.init9)
 .init9         0x00000086        0x8 c:/imt/avr/imt_sdk_win_64/imt_sdk_win_64/winavr/bin/../lib/gcc/avr/4.3.3/../../../../avr/lib/avr5/crtm32.o
 *(.init9)
 *(.text)
 .text          0x0000008e        0x4 c:/imt/avr/imt_sdk_win_64/imt_sdk_win_64/winavr/bin/../lib/gcc/avr/4.3.3/../../../../avr/lib/avr5/crtm32.o
                0x0000008e                __vector_1
                0x0000008e                __vector_12
                0x0000008e                __bad_interrupt
                0x0000008e                __vector_3
                0x0000008e                __vector_11
                0x0000008e                __vector_17
                0x0000008e                __vector_19
                0x0000008e                __vector_7
                0x0000008e                __vector_5
                0x0000008e                __vector_4
                0x0000008e                __vector_9
                0x0000008e                __vector_2
                0x0000008e                __vector_15
                0x0000008e                __vector_8
                0x0000008e                __vector_18
                0x0000008e                __vector_20
 .text          0x00000092        0x0 ./UART_driver/UART_prog.o
 .text          0x00000092        0x0 ./Timer_driver/Timer_prog.o
 .text          0x00000092        0x0 ./LCD_driver/LCD_prog.o
 .text          0x00000092        0x0 ./GIE_driver/Gie_Prog.o
 .text          0x00000092        0x0 ./DIO_driver/Dio_Prog.o
 .text          0x00000092        0x0 ./ADC_driver/Adc_Prog.o
 .text          0x00000092        0x0 ./Mobile_control.o
 .text          0x00000092        0x0 ./main.o
 .text          0x00000092        0x0 c:/imt/avr/imt_sdk_win_64/imt_sdk_win_64/winavr/bin/../lib/gcc/avr/4.3.3/avr5\libgcc.a(_mulsi3.o)
 .text          0x00000092        0x0 c:/imt/avr/imt_sdk_win_64/imt_sdk_win_64/winavr/bin/../lib/gcc/avr/4.3.3/avr5\libgcc.a(_udivmodhi4.o)
 .text          0x00000092        0x0 c:/imt/avr/imt_sdk_win_64/imt_sdk_win_64/winavr/bin/../lib/gcc/avr/4.3.3/avr5\libgcc.a(_divmodsi4.o)
 .text          0x00000092        0x0 c:/imt/avr/imt_sdk_win_64/imt_sdk_win_64/winavr/bin/../lib/gcc/avr/4.3.3/avr5\libgcc.a(_exit.o)
 .text          0x00000092        0x0 c:/imt/avr/imt_sdk_win_64/imt_sdk_win_64/winavr/bin/../lib/gcc/avr/4.3.3/avr5\libgcc.a(_copy_data.o)
 .text          0x00000092        0x0 c:/imt/avr/imt_sdk_win_64/imt_sdk_win_64/winavr/bin/../lib/gcc/avr/4.3.3/avr5\libgcc.a(_clear_bss.o)
 .text          0x00000092        0x0 c:/imt/avr/imt_sdk_win_64/imt_sdk_win_64/winavr/bin/../lib/gcc/avr/4.3.3/avr5\libgcc.a(_udivmodsi4.o)
 .text          0x00000092        0x0 c:/imt/avr/imt_sdk_win_64/imt_sdk_win_64/winavr/bin/../lib/gcc/avr/4.3.3/../../../../avr/lib/avr5\libc.a(strcmp.o)
                0x00000092                . = ALIGN (0x2)
 *(.text.*)
 .text.UART_init
                0x00000092        0xe ./UART_driver/UART_prog.o
                0x00000092                UART_init
 .text.UART_voidSend
                0x000000a0        0x8 ./UART_driver/UART_prog.o
                0x000000a0                UART_voidSend
 .text.UART_u8Recive
                0x000000a8        0x8 ./UART_driver/UART_prog.o
                0x000000a8                UART_u8Recive
 .text.UART_voidSendString
                0x000000b0       0x1a ./UART_driver/UART_prog.o
                0x000000b0                UART_voidSendString
 .text.UART_ReceiveString
                0x000000ca       0x2e ./UART_driver/UART_prog.o
                0x000000ca                UART_ReceiveString
 .text.UART_u8RecAsynch
                0x000000f8       0x24 ./UART_driver/UART_prog.o
                0x000000f8                UART_u8RecAsynch
 .text.__vector_13
                0x0000011c       0x66 ./UART_driver/UART_prog.o
                0x0000011c                __vector_13
 .text.__vector_14
                0x00000182       0x3e ./UART_driver/UART_prog.o
                0x00000182                __vector_14
 .text.UART_voidSendStringAsyhc
                0x000001c0       0x32 ./UART_driver/UART_prog.o
                0x000001c0                UART_voidSendStringAsyhc
 .text.Timer_voidInitTimer0
                0x000001f2       0x30 ./Timer_driver/Timer_prog.o
                0x000001f2                Timer_voidInitTimer0
 .text.Timer_voidSetCtc0Isr
                0x00000222        0xa ./Timer_driver/Timer_prog.o
                0x00000222                Timer_voidSetCtc0Isr
 .text.__vector_10
                0x0000022c       0x52 ./Timer_driver/Timer_prog.o
                0x0000022c                __vector_10
 .text.PWM_voidInit0
                0x0000027e       0x2c ./Timer_driver/Timer_prog.o
                0x0000027e                PWM_voidInit0
 .text.PWM_voidSetDutyCycle
                0x000002aa        0x4 ./Timer_driver/Timer_prog.o
                0x000002aa                PWM_voidSetDutyCycle
 .text.PWM_voidInitTimer1
                0x000002ae       0x40 ./Timer_driver/Timer_prog.o
                0x000002ae                PWM_voidInitTimer1
 .text.PWM_voidSetDutyCycle1
                0x000002ee        0x6 ./Timer_driver/Timer_prog.o
                0x000002ee                PWM_voidSetDutyCycle1
 .text.map      0x000002f4       0x96 ./Timer_driver/Timer_prog.o
                0x000002f4                map
 .text.ICU_voidInit
                0x0000038a       0x20 ./Timer_driver/Timer_prog.o
                0x0000038a                ICU_voidInit
 .text.ICU_voidSetSenseControl
                0x000003aa       0x12 ./Timer_driver/Timer_prog.o
                0x000003aa                ICU_voidSetSenseControl
 .text.ICU_u16ReadValue
                0x000003bc        0x8 ./Timer_driver/Timer_prog.o
                0x000003bc                ICU_u16ReadValue
 .text.ICU_voidSetCallBack
                0x000003c4        0xa ./Timer_driver/Timer_prog.o
                0x000003c4                ICU_voidSetCallBack
 .text.ICU_voidDisableInterrupt
                0x000003ce        0x8 ./Timer_driver/Timer_prog.o
                0x000003ce                ICU_voidDisableInterrupt
 .text.__vector_6
                0x000003d6       0x52 ./Timer_driver/Timer_prog.o
                0x000003d6                __vector_6
 .text.LCD_voidsenddata
                0x00000428       0x40 ./LCD_driver/LCD_prog.o
                0x00000428                LCD_voidsenddata
 .text.LCD_voidWriteNumber
                0x00000468      0x100 ./LCD_driver/LCD_prog.o
                0x00000468                LCD_voidWriteNumber
 .text.LCD_voidsendstring
                0x00000568       0x26 ./LCD_driver/LCD_prog.o
                0x00000568                LCD_voidsendstring
 .text.LCD_voidsendcommand
                0x0000058e       0x40 ./LCD_driver/LCD_prog.o
                0x0000058e                LCD_voidsendcommand
 .text.LCD_voidclearscrean
                0x000005ce        0x8 ./LCD_driver/LCD_prog.o
                0x000005ce                LCD_voidclearscrean
 .text.LCD_voidpattern
                0x000005d6       0x3e ./LCD_driver/LCD_prog.o
                0x000005d6                LCD_voidpattern
 .text.LCD_gotoxy
                0x00000614       0x18 ./LCD_driver/LCD_prog.o
                0x00000614                LCD_gotoxy
 .text.LCD_voidnameinsinusoidal
                0x0000062c       0x4e ./LCD_driver/LCD_prog.o
                0x0000062c                LCD_voidnameinsinusoidal
 .text.LCD_voidinit
                0x0000067a       0x72 ./LCD_driver/LCD_prog.o
                0x0000067a                LCD_voidinit
 .text.GIE_voidEnable
                0x000006ec        0x8 ./GIE_driver/Gie_Prog.o
                0x000006ec                GIE_voidEnable
 .text.GIE_voidDisable
                0x000006f4        0x8 ./GIE_driver/Gie_Prog.o
                0x000006f4                GIE_voidDisable
 .text.Dio_voidSetPinDirection
                0x000006fc       0xe6 ./DIO_driver/Dio_Prog.o
                0x000006fc                Dio_voidSetPinDirection
 .text.Dio_voidSetPinValue
                0x000007e2       0xe6 ./DIO_driver/Dio_Prog.o
                0x000007e2                Dio_voidSetPinValue
 .text.Dio_u8GetPinValue
                0x000008c8       0x40 ./DIO_driver/Dio_Prog.o
                0x000008c8                Dio_u8GetPinValue
 .text.Dio_voidSetPortDirection
                0x00000908       0x54 ./DIO_driver/Dio_Prog.o
                0x00000908                Dio_voidSetPortDirection
 .text.Dio_voidSetPortValue
                0x0000095c       0x22 ./DIO_driver/Dio_Prog.o
                0x0000095c                Dio_voidSetPortValue
 .text.Dio_u8GetPortValue
                0x0000097e       0x24 ./DIO_driver/Dio_Prog.o
                0x0000097e                Dio_u8GetPortValue
 .text.Adc_voidInit
                0x000009a2       0x14 ./ADC_driver/Adc_Prog.o
                0x000009a2                Adc_voidInit
 .text.ADC_u8readvalueAsynch
                0x000009b6       0x2a ./ADC_driver/Adc_Prog.o
                0x000009b6                ADC_u8readvalueAsynch
 .text.__vector_16
                0x000009e0       0x5a ./ADC_driver/Adc_Prog.o
                0x000009e0                __vector_16
 .text.ADC_u8readvalue
                0x00000a3a       0x1a ./ADC_driver/Adc_Prog.o
                0x00000a3a                ADC_u8readvalue
 .text.LED_OFF  0x00000a54       0x20 ./Mobile_control.o
                0x00000a54                LED_OFF
 .text.LED_ON   0x00000a74       0x20 ./Mobile_control.o
                0x00000a74                LED_ON
 .text.Light    0x00000a94       0x3a ./Mobile_control.o
                0x00000a94                Light
 .text.DC_AutomaticMotor
                0x00000ace        0xc ./Mobile_control.o
                0x00000ace                DC_AutomaticMotor
 .text.DC_Motor
                0x00000ada       0x46 ./Mobile_control.o
                0x00000ada                DC_Motor
 .text.Buzzer   0x00000b20       0xda ./Mobile_control.o
                0x00000b20                Buzzer
 .text.LED_init
                0x00000bfa       0x20 ./Mobile_control.o
                0x00000bfa                LED_init
 .text.Setup_Pins
                0x00000c1a       0x42 ./Mobile_control.o
                0x00000c1a                Setup_Pins
 .text.Automatic_Temp
                0x00000c5c       0x34 ./Mobile_control.o
                0x00000c5c                Automatic_Temp
 .text.Home_AutomaticSys
                0x00000c90       0x4a ./Mobile_control.o
                0x00000c90                Home_AutomaticSys
 .text.Manual_Temp
                0x00000cda       0x70 ./Mobile_control.o
                0x00000cda                Manual_Temp
 .text.servo    0x00000d4a       0x18 ./Mobile_control.o
                0x00000d4a                servo
 .text.Home_ManualSys
                0x00000d62       0x80 ./Mobile_control.o
                0x00000d62                Home_ManualSys
 .text.loginFunc
                0x00000de2      0x2b0 ./Mobile_control.o
                0x00000de2                loginFunc
 .text.main     0x00001092       0x2e ./main.o
                0x00001092                main
 .text.libgcc   0x000010c0       0x3e c:/imt/avr/imt_sdk_win_64/imt_sdk_win_64/winavr/bin/../lib/gcc/avr/4.3.3/avr5\libgcc.a(_mulsi3.o)
                0x000010c0                __mulsi3
 .text.libgcc   0x000010fe       0x28 c:/imt/avr/imt_sdk_win_64/imt_sdk_win_64/winavr/bin/../lib/gcc/avr/4.3.3/avr5\libgcc.a(_udivmodhi4.o)
                0x000010fe                __udivmodhi4
 .text.libgcc   0x00001126       0x36 c:/imt/avr/imt_sdk_win_64/imt_sdk_win_64/winavr/bin/../lib/gcc/avr/4.3.3/avr5\libgcc.a(_divmodsi4.o)
                0x00001126                __divmodsi4
 .text.libgcc   0x0000115c        0x0 c:/imt/avr/imt_sdk_win_64/imt_sdk_win_64/winavr/bin/../lib/gcc/avr/4.3.3/avr5\libgcc.a(_exit.o)
 .text.libgcc   0x0000115c        0x0 c:/imt/avr/imt_sdk_win_64/imt_sdk_win_64/winavr/bin/../lib/gcc/avr/4.3.3/avr5\libgcc.a(_copy_data.o)
 .text.libgcc   0x0000115c        0x0 c:/imt/avr/imt_sdk_win_64/imt_sdk_win_64/winavr/bin/../lib/gcc/avr/4.3.3/avr5\libgcc.a(_clear_bss.o)
 .text.libgcc   0x0000115c       0x44 c:/imt/avr/imt_sdk_win_64/imt_sdk_win_64/winavr/bin/../lib/gcc/avr/4.3.3/avr5\libgcc.a(_udivmodsi4.o)
                0x0000115c                __udivmodsi4
 .text.avr-libc
                0x000011a0       0x12 c:/imt/avr/imt_sdk_win_64/imt_sdk_win_64/winavr/bin/../lib/gcc/avr/4.3.3/../../../../avr/lib/avr5\libc.a(strcmp.o)
                0x000011a0                strcmp
                0x000011b2                . = ALIGN (0x2)
 *(.fini9)
 .fini9         0x000011b2        0x0 c:/imt/avr/imt_sdk_win_64/imt_sdk_win_64/winavr/bin/../lib/gcc/avr/4.3.3/avr5\libgcc.a(_exit.o)
                0x000011b2                exit
                0x000011b2                _exit
 *(.fini9)
 *(.fini8)
 *(.fini8)
 *(.fini7)
 *(.fini7)
 *(.fini6)
 *(.fini6)
 *(.fini5)
 *(.fini5)
 *(.fini4)
 *(.fini4)
 *(.fini3)
 *(.fini3)
 *(.fini2)
 *(.fini2)
 *(.fini1)
 *(.fini1)
 *(.fini0)
 .fini0         0x000011b2        0x4 c:/imt/avr/imt_sdk_win_64/imt_sdk_win_64/winavr/bin/../lib/gcc/avr/4.3.3/avr5\libgcc.a(_exit.o)
 *(.fini0)
                0x000011b6                _etext = .

.data           0x00800060      0x15e load address 0x000011b6
                0x00800060                PROVIDE (__data_start, .)
 *(.data)
 .data          0x00800060        0x0 c:/imt/avr/imt_sdk_win_64/imt_sdk_win_64/winavr/bin/../lib/gcc/avr/4.3.3/../../../../avr/lib/avr5/crtm32.o
 .data          0x00800060        0x0 ./UART_driver/UART_prog.o
 .data          0x00800060        0x0 ./Timer_driver/Timer_prog.o
 .data          0x00800060        0x6 ./LCD_driver/LCD_prog.o
 .data          0x00800066        0x0 ./GIE_driver/Gie_Prog.o
 .data          0x00800066        0x0 ./DIO_driver/Dio_Prog.o
 .data          0x00800066        0x0 ./ADC_driver/Adc_Prog.o
 .data          0x00800066       0xdf ./Mobile_control.o
 .data          0x00800145        0x0 ./main.o
 .data          0x00800145        0x0 c:/imt/avr/imt_sdk_win_64/imt_sdk_win_64/winavr/bin/../lib/gcc/avr/4.3.3/avr5\libgcc.a(_mulsi3.o)
 .data          0x00800145        0x0 c:/imt/avr/imt_sdk_win_64/imt_sdk_win_64/winavr/bin/../lib/gcc/avr/4.3.3/avr5\libgcc.a(_udivmodhi4.o)
 .data          0x00800145        0x0 c:/imt/avr/imt_sdk_win_64/imt_sdk_win_64/winavr/bin/../lib/gcc/avr/4.3.3/avr5\libgcc.a(_divmodsi4.o)
 .data          0x00800145        0x0 c:/imt/avr/imt_sdk_win_64/imt_sdk_win_64/winavr/bin/../lib/gcc/avr/4.3.3/avr5\libgcc.a(_exit.o)
 .data          0x00800145        0x0 c:/imt/avr/imt_sdk_win_64/imt_sdk_win_64/winavr/bin/../lib/gcc/avr/4.3.3/avr5\libgcc.a(_copy_data.o)
 .data          0x00800145        0x0 c:/imt/avr/imt_sdk_win_64/imt_sdk_win_64/winavr/bin/../lib/gcc/avr/4.3.3/avr5\libgcc.a(_clear_bss.o)
 .data          0x00800145        0x0 c:/imt/avr/imt_sdk_win_64/imt_sdk_win_64/winavr/bin/../lib/gcc/avr/4.3.3/avr5\libgcc.a(_udivmodsi4.o)
 .data          0x00800145        0x0 c:/imt/avr/imt_sdk_win_64/imt_sdk_win_64/winavr/bin/../lib/gcc/avr/4.3.3/../../../../avr/lib/avr5\libc.a(strcmp.o)
 *(.data*)
 .data.loginUsers
                0x00800145       0x46 ./Mobile_control.o
                0x00800145                loginUsers
 .data.loginPass
                0x0080018b       0x32 ./Mobile_control.o
                0x0080018b                loginPass
 *(.rodata)
 *(.rodata*)
 *(.gnu.linkonce.d*)
                0x008001be                . = ALIGN (0x2)
 *fill*         0x008001bd        0x1 00
                0x008001be                _edata = .
                0x008001be                PROVIDE (__data_end, .)

.bss            0x008001be       0x11
                0x008001be                PROVIDE (__bss_start, .)
 *(.bss)
 .bss           0x008001be        0x0 c:/imt/avr/imt_sdk_win_64/imt_sdk_win_64/winavr/bin/../lib/gcc/avr/4.3.3/../../../../avr/lib/avr5/crtm32.o
 .bss           0x008001be        0x0 ./UART_driver/UART_prog.o
 .bss           0x008001be        0x0 ./Timer_driver/Timer_prog.o
 .bss           0x008001be        0x0 ./LCD_driver/LCD_prog.o
 .bss           0x008001be        0x0 ./GIE_driver/Gie_Prog.o
 .bss           0x008001be        0x0 ./DIO_driver/Dio_Prog.o
 .bss           0x008001be        0x0 ./ADC_driver/Adc_Prog.o
 .bss           0x008001be        0x0 ./Mobile_control.o
 .bss           0x008001be        0x0 ./main.o
 .bss           0x008001be        0x0 c:/imt/avr/imt_sdk_win_64/imt_sdk_win_64/winavr/bin/../lib/gcc/avr/4.3.3/avr5\libgcc.a(_mulsi3.o)
 .bss           0x008001be        0x0 c:/imt/avr/imt_sdk_win_64/imt_sdk_win_64/winavr/bin/../lib/gcc/avr/4.3.3/avr5\libgcc.a(_udivmodhi4.o)
 .bss           0x008001be        0x0 c:/imt/avr/imt_sdk_win_64/imt_sdk_win_64/winavr/bin/../lib/gcc/avr/4.3.3/avr5\libgcc.a(_divmodsi4.o)
 .bss           0x008001be        0x0 c:/imt/avr/imt_sdk_win_64/imt_sdk_win_64/winavr/bin/../lib/gcc/avr/4.3.3/avr5\libgcc.a(_exit.o)
 .bss           0x008001be        0x0 c:/imt/avr/imt_sdk_win_64/imt_sdk_win_64/winavr/bin/../lib/gcc/avr/4.3.3/avr5\libgcc.a(_copy_data.o)
 .bss           0x008001be        0x0 c:/imt/avr/imt_sdk_win_64/imt_sdk_win_64/winavr/bin/../lib/gcc/avr/4.3.3/avr5\libgcc.a(_clear_bss.o)
 .bss           0x008001be        0x0 c:/imt/avr/imt_sdk_win_64/imt_sdk_win_64/winavr/bin/../lib/gcc/avr/4.3.3/avr5\libgcc.a(_udivmodsi4.o)
 .bss           0x008001be        0x0 c:/imt/avr/imt_sdk_win_64/imt_sdk_win_64/winavr/bin/../lib/gcc/avr/4.3.3/../../../../avr/lib/avr5\libc.a(strcmp.o)
 *(.bss*)
 .bss.UART_RecIntCallBack
                0x008001be        0x2 ./UART_driver/UART_prog.o
                0x008001be                UART_RecIntCallBack
 .bss.i         0x008001c0        0x1 ./UART_driver/UART_prog.o
                0x008001c0                i
 .bss.global_u8userSend
                0x008001c1        0x2 ./UART_driver/UART_prog.o
                0x008001c1                global_u8userSend
 *(COMMON)
 COMMON         0x008001c3        0x2 ./UART_driver/UART_prog.o
                0x008001c3                UART_DataPtr
 COMMON         0x008001c5        0x4 ./Timer_driver/Timer_prog.o
                0x008001c5                callback_OCR
                0x008001c7                callback_ICU
 COMMON         0x008001c9        0x4 ./ADC_driver/Adc_Prog.o
                0x008001c9                adcvalue
                0x008001cb                callback
 COMMON         0x008001cd        0x2 ./Mobile_control.o
                0x008001cd                choose
                0x008001ce                key
                0x008001cf                PROVIDE (__bss_end, .)
                0x000011b6                __data_load_start = LOADADDR (.data)
                0x00001314                __data_load_end = (__data_load_start + SIZEOF (.data))

.noinit         0x008001cf        0x0
                0x008001cf                PROVIDE (__noinit_start, .)
 *(.noinit*)
                0x008001cf                PROVIDE (__noinit_end, .)
                0x008001cf                _end = .
                0x008001cf                PROVIDE (__heap_start, .)

.eeprom         0x00810000        0x0
 *(.eeprom*)
                0x00810000                __eeprom_end = .

.fuse
 *(.fuse)
 *(.lfuse)
 *(.hfuse)
 *(.efuse)

.lock
 *(.lock*)

.signature
 *(.signature*)

.stab
 *(.stab)

.stabstr
 *(.stabstr)

.stab.excl
 *(.stab.excl)

.stab.exclstr
 *(.stab.exclstr)

.stab.index
 *(.stab.index)

.stab.indexstr
 *(.stab.indexstr)

.comment
 *(.comment)

.debug
 *(.debug)

.line
 *(.line)

.debug_srcinfo
 *(.debug_srcinfo)

.debug_sfnames
 *(.debug_sfnames)

.debug_aranges
 *(.debug_aranges)

.debug_pubnames
 *(.debug_pubnames)

.debug_info
 *(.debug_info)
 *(.gnu.linkonce.wi.*)

.debug_abbrev
 *(.debug_abbrev)

.debug_line
 *(.debug_line)

.debug_frame
 *(.debug_frame)

.debug_str
 *(.debug_str)

.debug_loc
 *(.debug_loc)

.debug_macinfo
 *(.debug_macinfo)
OUTPUT(Mobile_controlHome.elf elf32-avr)
LOAD linker stubs
